        CC JudyMalloc.c
        CC Judy1Test.c
        CC j__udy1Test.c
        CC Judy1Set.c
        CC Judy1SetArray.c
        CC Judy1Unset.c
        CC Judy1First.c
        CC Judy1Next.c
        CC Judy1Prev.c
        CC Judy1NextEmpty.c
        CC Judy1PrevEmpty.c
        CC Judy1Count.c
        CC Judy1ByCount.c
        CC Judy1FreeArray.c
        CC Judy1MemUsed.c
        CC Judy1MemActive.c
        CC Judy1Cascade.c
        CC Judy1Decascade.c
        CC Judy1CreateBranch.c
        CC Judy1InsertBranch.c
        CC Judy1MallocIF.c
        CC Judy1Tables.c
        CC JudyLByCount.c
        CC JudyLCount.c
        CC JudyLDecascade.c
        CC JudyLFirst.c
        CC j__udyLGet.c
        CC JudyLInsArray.c
        CC JudyLInsertBranch.c
        CC JudyLMemActive.c
        CC JudyLNext.c
        CC JudyLPrev.c
        CC JudyLCascade.c
        CC JudyLCreateBranch.c
        CC JudyLDel.c
        CC JudyLFreeArray.c
        CC JudyLGet.c
        CC JudyLIns.c
        CC JudyLMallocIF.c
        CC JudyLMemUsed.c
        CC JudyLNextEmpty.c
        CC JudyLPrevEmpty.c
        CC JudyLTables.c
        CC JudySL.c
        CC JudyHS.c
Making install in src
Making install in storagemanager
Making install in spatialindex
Making install in rtree
Making install in mvrtree
Making install in tprtree
Making install in tools
Making install in capi
 /bin/mkdir -p '/data/phd/fluidity_dev_bedload/spatialindex-1.8.0/../lib/pkgconfig'
 /usr/bin/install -c -m 644 libspatialindex.pc '/data/phd/fluidity_dev_bedload/spatialindex-1.8.0/../lib/pkgconfig'
Making install in .
 /bin/mkdir -p '/data/phd/fluidity_dev_bedload/spatialindex-1.8.0/../lib'
 /bin/bash ./libtool   --mode=install /usr/bin/install -c   libspatialindex.la libspatialindex_c.la '/data/phd/fluidity_dev_bedload/spatialindex-1.8.0/../lib'
libtool: install: /usr/bin/install -c .libs/libspatialindex.lai /data/phd/fluidity_dev_bedload/spatialindex-1.8.0/../lib/libspatialindex.la
libtool: install: /usr/bin/install -c .libs/libspatialindex_c.lai /data/phd/fluidity_dev_bedload/spatialindex-1.8.0/../lib/libspatialindex_c.la
libtool: install: /usr/bin/install -c .libs/libspatialindex.a /data/phd/fluidity_dev_bedload/spatialindex-1.8.0/../lib/libspatialindex.a
libtool: install: chmod 644 /data/phd/fluidity_dev_bedload/spatialindex-1.8.0/../lib/libspatialindex.a
libtool: install: ranlib /data/phd/fluidity_dev_bedload/spatialindex-1.8.0/../lib/libspatialindex.a
libtool: install: /usr/bin/install -c .libs/libspatialindex_c.a /data/phd/fluidity_dev_bedload/spatialindex-1.8.0/../lib/libspatialindex_c.a
libtool: install: chmod 644 /data/phd/fluidity_dev_bedload/spatialindex-1.8.0/../lib/libspatialindex_c.a
libtool: install: ranlib /data/phd/fluidity_dev_bedload/spatialindex-1.8.0/../lib/libspatialindex_c.a
libtool: finish: PATH="/opt/ThirdParty-2.4.0/platforms/linux64Gcc/gperftools-svn/bin:/home/jmn114/OpenFOAM/jmn114-2.4.0/platforms/linux64GccDPOpt/bin:/opt/site/2.4.0/platforms/linux64GccDPOpt/bin:/opt/openfoam240/platforms/linux64GccDPOpt/bin:/opt/openfoam240/bin:/opt/openfoam240/wmake:/usr/local/sbin:/usr/local/bin:/usr/sbin:/usr/bin:/sbin:/bin:/usr/games:/usr/local/games:/sbin" ldconfig -n /data/phd/fluidity_dev_bedload/spatialindex-1.8.0/../lib
----------------------------------------------------------------------
Libraries have been installed in:
   /data/phd/fluidity_dev_bedload/spatialindex-1.8.0/../lib

If you ever happen to want to link against installed libraries
in a given directory, LIBDIR, you must either use libtool, and
specify the full pathname of the library, or use the `-LLIBDIR'
flag during linking and do at least one of the following:
   - add LIBDIR to the `LD_LIBRARY_PATH' environment variable
     during execution
   - add LIBDIR to the `LD_RUN_PATH' environment variable
     during linking
   - use the `-Wl,-rpath -Wl,LIBDIR' linker flag
   - have your system administrator add LIBDIR to `/etc/ld.so.conf'

See any operating system documentation about shared libraries for
more information, such as the ld(1) and ld.so(8) manual pages.
----------------------------------------------------------------------
Making install in include
 /bin/mkdir -p '/data/phd/fluidity_dev_bedload/spatialindex-1.8.0/../include'
 /bin/mkdir -p '/data/phd/fluidity_dev_bedload/spatialindex-1.8.0/../include/spatialindex'
 /usr/bin/install -c -m 644  spatialindex/SpatialIndex.h spatialindex/RTree.h spatialindex/MVRTree.h spatialindex/TPRTree.h spatialindex/Point.h spatialindex/Region.h spatialindex/LineSegment.h spatialindex/TimePoint.h spatialindex/TimeRegion.h spatialindex/MovingPoint.h spatialindex/MovingRegion.h spatialindex/Version.h '/data/phd/fluidity_dev_bedload/spatialindex-1.8.0/../include/spatialindex'
 /bin/mkdir -p '/data/phd/fluidity_dev_bedload/spatialindex-1.8.0/../include/spatialindex/capi'
 /usr/bin/install -c -m 644  spatialindex/capi/BoundsQuery.h spatialindex/capi/CountVisitor.h spatialindex/capi/CustomStorage.h spatialindex/capi/DataStream.h spatialindex/capi/Error.h spatialindex/capi/IdVisitor.h spatialindex/capi/Index.h spatialindex/capi/LeafQuery.h spatialindex/capi/ObjVisitor.h spatialindex/capi/sidx_api.h spatialindex/capi/sidx_config.h spatialindex/capi/sidx_impl.h spatialindex/capi/Utility.h '/data/phd/fluidity_dev_bedload/spatialindex-1.8.0/../include/spatialindex/capi'
 /bin/mkdir -p '/data/phd/fluidity_dev_bedload/spatialindex-1.8.0/../include/spatialindex/tools'
 /usr/bin/install -c -m 644  spatialindex/tools/PointerPool.h spatialindex/tools/PoolPointer.h spatialindex/tools/rand48.h spatialindex/tools/SmartPointer.h spatialindex/tools/Tools.h '/data/phd/fluidity_dev_bedload/spatialindex-1.8.0/../include/spatialindex/tools'
